Just (ProjCS {_projcsName = "NAD_1983_StatePlane_Massachusetts_Mainland_FIPS_2001_Feet", _projcsGeographicCS = GeogCS {_geogcsName = "GCS_North_American_1983", _geogcsDatum = Datum {_datumName = "D_North_American_1983", _datumSpheroid = Spheroid {_spheroidName = "GRS_1980", _spheroidSemiMajor = 6378137.0, _spheroidInverseFlattening = 298.257222101, _spheroidAuthority = Nothing}, _datumToWGS84 = Nothing, _datumAuthority = Nothing}, _geogcsPrimeMeridian = PrimeMeridian {_primemName = "Greenwich", _primemLongitude = 0.0, _primemAuthority = Nothing}, _geogcsAngularUnit = Unit {_unitName = "Degree", _unitConversionFactor = 1.74532925199433e-2, _unitAuthority = Nothing}, _geogcsTwinAxes = Nothing, _geogcsAuthority = Nothing}, _projcsProjection = Proj {_projName = "Lambert_Conformal_Conic", _projAuthority = Nothing}, _projcsParameters = [Parameter {_paramName = "False_Easting", _paramValue = 656166.6666666665},Parameter {_paramName = "False_Northing", _paramValue = 2460625.0},Parameter {_paramName = "Central_Meridian", _paramValue = -71.5},Parameter {_paramName = "Standard_Parallel_1", _paramValue = 41.71666666666667},Parameter {_paramName = "Standard_Parallel_2", _paramValue = 42.68333333333333},Parameter {_paramName = "Latitude_Of_Origin", _paramValue = 41.0}], _projcsLinearUnit = Unit {_unitName = "Foot_US", _unitConversionFactor = 0.3048006096012192, _unitAuthority = Nothing}, _projcsTwinAxes = Nothing, _projcsAuthority = Nothing})